ASxxxx Linker V03.00 + NoICE + sdld,  page 1.
Hexadecimal  [32-Bits]

Area                                    Addr        Size        Decimal Bytes (Attributes)
--------------------------------        ----        ----        ------- ----- ------------
CABS                                00000000    00000000 =           0. bytes (ABS,CON,CODE)

      Value  Global                              Global Defined In Module
      -----  --------------------------------   ------------------------
C:   00000000  l_BIT_BANK                      
C:   00000000  l_BSEG                          
C:   00000000  l_BSEG_BYTES                    
C:   00000000  l_CABS                          
C:   00000000  l_GSINIT1                       
C:   00000000  l_GSINIT5                       
C:   00000000  l_IABS                          
C:   00000000  l_ISEG                          
C:   00000000  l_PSEG                          
C:   00000000  l_REG_BANK_1                    
C:   00000000  l_REG_BANK_2                    
C:   00000000  l_REG_BANK_3                    
C:   00000000  l_RSEG                          
C:   00000000  l_RSEG0                         
C:   00000000  l_RSEG1                         
C:   00000000  l_XABS                          
C:   00000000  l_XINIT                         
C:   00000000  l_XISEG                         
C:   00000000  l_XSEG                          
C:   00000000  l__CODE                         
C:   00000000  s_BSEG                          
C:   00000000  s_CABS                          
C:   00000000  s_DSEG                          
C:   00000000  s_HOME                          
C:   00000000  s_IABS                          
C:   00000000  s_ISEG                          
C:   00000000  s_REG_BANK_0                    
C:   00000000  s_RSEG                          
C:   00000000  s_RSEG0                         
C:   00000000  s_RSEG1                         
C:   00000000  s_XABS                          
C:   00000001  s_PSEG                          
C:   00000001  s_XISEG                         
C:   00000001  s_XSEG                          
C:   00000003  l_GSFINAL                       
C:   00000003  l_GSINIT0                       
C:   00000004  l_OSEG                          
C:   00000005  l_GSINIT                        
C:   00000006  l_HOME                          
C:   00000006  s_GSINIT0                       
C:   00000008  l_REG_BANK_0                    
C:   00000008  s_REG_BANK_1                    
C:   00000009  s_GSINIT1                       
C:   00000009  s_GSINIT2                       
C:   0000000A  l_GSINIT2                       
C:   00000010  s_REG_BANK_2                    
C:   00000013  l_CONST                         
C:   00000013  s_GSINIT3                       
C:   00000018  s_BIT_BANK                      
C:   00000018  s_REG_BANK_3                    
ASxxxx Linker V03.00 + NoICE + sdld,  page 2.
Hexadecimal  [32-Bits]

Area                                    Addr        Size        Decimal Bytes (Attributes)
--------------------------------        ----        ----        ------- ----- ------------
CABS                                00000000    00000000 =           0. bytes (ABS,CON,CODE)

      Value  Global                              Global Defined In Module
      -----  --------------------------------   ------------------------
C:   00000020  s_BSEG_BYTES                    
C:   00000020  s__CODE                         
C:   00000022  l_GSINIT3                       
C:   00000027  s_OSEG                          
C:   0000002A  l_GSINIT4                       
C:   0000002B  s_SSEG                          
C:   00000035  s_GSINIT4                       
C:   0000005F  s_GSINIT                        
C:   0000005F  s_GSINIT5                       
C:   00000064  s_GSFINAL                       
C:   00000067  s_CSEG                          
C:   00000080  l_DSEG                          
C:   000000D5  l_SSEG                          
C:   00000100  l_IRAM                          
C:   000007AF  l_CSEG                          
C:   00000816  s_CONST                         
C:   00000829  s_XINIT                         

ASxxxx Linker V03.00 + NoICE + sdld,  page 3.
Hexadecimal  [32-Bits]

Area                                    Addr        Size        Decimal Bytes (Attributes)
--------------------------------        ----        ----        ------- ----- ------------
.  .ABS.                            00000000    00000000 =           0. bytes (ABS,CON)

      Value  Global                              Global Defined In Module
      -----  --------------------------------   ------------------------
     00000000  .__.ABS.                           _startup
     00000080  _P0                                IHM_lcd595
     00000080  _P0_0                              IHM_lcd595
     00000081  _P0_1                              IHM_lcd595
     00000081  _SP                                IHM_lcd595
     00000082  _DPL                               IHM_lcd595
     00000082  _P0_2                              IHM_lcd595
     00000083  _DPH                               IHM_lcd595
     00000083  _P0_3                              IHM_lcd595
     00000084  _P0_4                              IHM_lcd595
     00000085  _P0_5                              IHM_lcd595
     00000086  _P0_6                              IHM_lcd595
     00000087  _P0_7                              IHM_lcd595
     00000087  _PCON                              IHM_lcd595
     00000088  _IT0                               IHM_lcd595
     00000088  _TCON                              IHM_lcd595
     00000089  _IE0                               IHM_lcd595
     00000089  _TMOD                              IHM_lcd595
     0000008A  _IT1                               IHM_lcd595
     0000008A  _TL0                               IHM_lcd595
     0000008B  _IE1                               IHM_lcd595
     0000008B  _TL1                               IHM_lcd595
     0000008C  _TH0                               IHM_lcd595
     0000008C  _TR0                               IHM_lcd595
     0000008D  _TF0                               IHM_lcd595
     0000008D  _TH1                               IHM_lcd595
     0000008E  _TR1                               IHM_lcd595
     0000008F  _TF1                               IHM_lcd595
     00000090  _P1                                IHM_lcd595
     00000090  _P1_0                              IHM_lcd595
     00000091  _P1_1                              IHM_lcd595
     00000092  _P1_2                              IHM_lcd595
     00000093  _P1_3                              IHM_lcd595
     00000094  _P1_4                              IHM_lcd595
     00000095  _P1_5                              IHM_lcd595
     00000096  _P1_6                              IHM_lcd595
     00000097  _P1_7                              IHM_lcd595
     00000098  _RI                                IHM_lcd595
     00000098  _SCON                              IHM_lcd595
     00000099  _SBUF                              IHM_lcd595
     00000099  _TI                                IHM_lcd595
     0000009A  _RB8                               IHM_lcd595
     0000009B  _TB8                               IHM_lcd595
     0000009C  _REN                               IHM_lcd595
     0000009D  _SM2                               IHM_lcd595
     0000009E  _SM1                               IHM_lcd595
     0000009F  _SM0                               IHM_lcd595
     000000A0  _P2                                IHM_lcd595
     000000A0  _P2_0                              IHM_lcd595
     000000A0  __XPAGE                            
ASxxxx Linker V03.00 + NoICE + sdld,  page 4.
Hexadecimal  [32-Bits]

Area                                    Addr        Size        Decimal Bytes (Attributes)
--------------------------------        ----        ----        ------- ----- ------------
.  .ABS.                            00000000    00000000 =           0. bytes (ABS,CON)

      Value  Global                              Global Defined In Module
      -----  --------------------------------   ------------------------
     000000A1  _P2_1                              IHM_lcd595
     000000A2  _P2_2                              IHM_lcd595
     000000A3  _P2_3                              IHM_lcd595
     000000A4  _P2_4                              IHM_lcd595
     000000A5  _P2_5                              IHM_lcd595
     000000A6  _P2_6                              IHM_lcd595
     000000A7  _P2_7                              IHM_lcd595
     000000A8  _EX0                               IHM_lcd595
     000000A8  _IE                                IHM_lcd595
     000000A9  _ET0                               IHM_lcd595
     000000AA  _EX1                               IHM_lcd595
     000000AB  _ET1                               IHM_lcd595
     000000AC  _ES                                IHM_lcd595
     000000AF  _EA                                IHM_lcd595
     000000B0  _P3                                IHM_lcd595
     000000B0  _P3_0                              IHM_lcd595
     000000B0  _RXD                               IHM_lcd595
     000000B1  _P3_1                              IHM_lcd595
     000000B1  _TXD                               IHM_lcd595
     000000B2  _INT0                              IHM_lcd595
     000000B2  _P3_2                              IHM_lcd595
     000000B3  _INT1                              IHM_lcd595
     000000B3  _P3_3                              IHM_lcd595
     000000B4  _P3_4                              IHM_lcd595
     000000B4  _T0                                IHM_lcd595
     000000B5  _P3_5                              IHM_lcd595
     000000B5  _T1                                IHM_lcd595
     000000B6  _P3_6                              IHM_lcd595
     000000B6  _WR                                IHM_lcd595
     000000B7  _P3_7                              IHM_lcd595
     000000B7  _RD                                IHM_lcd595
     000000B8  _IP                                IHM_lcd595
     000000B8  _PX0                               IHM_lcd595
     000000B9  _PT0                               IHM_lcd595
     000000BA  _PX1                               IHM_lcd595
     000000BB  _PT1                               IHM_lcd595
     000000BC  _PS                                IHM_lcd595
     000000D0  _P                                 IHM_lcd595
     000000D0  _PSW                               IHM_lcd595
     000000D1  _FL                                IHM_lcd595
     000000D2  _OV                                IHM_lcd595
     000000D3  _RS0                               IHM_lcd595
     000000D4  _RS1                               IHM_lcd595
     000000D5  _F0                                IHM_lcd595
     000000D6  _AC                                IHM_lcd595
     000000D7  _CY                                IHM_lcd595
     000000E0  _A                                 IHM_lcd595
     000000E0  _ACC                               IHM_lcd595
     000000F0  _B                                 IHM_lcd595
     000000F5  _B_5                               _gptrget
     000000F6  _B_6                               _gptrget
ASxxxx Linker V03.00 + NoICE + sdld,  page 5.
Hexadecimal  [32-Bits]

Area                                    Addr        Size        Decimal Bytes (Attributes)
--------------------------------        ----        ----        ------- ----- ------------
.  .ABS.                            00000000    00000000 =           0. bytes (ABS,CON)

      Value  Global                              Global Defined In Module
      -----  --------------------------------   ------------------------
     000000F7  _B_7                               _gptrget
ASxxxx Linker V03.00 + NoICE + sdld,  page 6.
Hexadecimal  [32-Bits]

Area                                    Addr        Size        Decimal Bytes (Attributes)
--------------------------------        ----        ----        ------- ----- ------------
REG_BANK_0                          00000000    00000008 =           8. bytes (REL,OVR)

      Value  Global                              Global Defined In Module
      -----  --------------------------------   ------------------------
ASxxxx Linker V03.00 + NoICE + sdld,  page 7.
Hexadecimal  [32-Bits]

Area                                    Addr        Size        Decimal Bytes (Attributes)
--------------------------------        ----        ----        ------- ----- ------------
DSEG                                00000000    00000080 =         128. bytes (REL,CON)

      Value  Global                              Global Defined In Module
      -----  --------------------------------   ------------------------
     00000008  _count                             main
     0000000A  ____background                     IHM_lcd595
     0000000C  _lcd_set_PARM_2                    IHM_lcd595
     0000000F  _lcd_printN_PARM_2                 IHM_lcd595

ASxxxx Linker V03.00 + NoICE + sdld,  page 8.
Hexadecimal  [32-Bits]

Area                                    Addr        Size        Decimal Bytes (Attributes)
--------------------------------        ----        ----        ------- ----- ------------
OSEG                                00000027    00000004 =           4. bytes (REL,OVR)

      Value  Global                              Global Defined In Module
      -----  --------------------------------   ------------------------
     00000027  __divslong_PARM_2                  _divulong
     00000027  __divulong_PARM_2                  _divulong
     00000027  __modslong_PARM_2                  _modulong
     00000027  __modulong_PARM_2                  _modulong

ASxxxx Linker V03.00 + NoICE + sdld,  page 9.
Hexadecimal  [32-Bits]

Area                                    Addr        Size        Decimal Bytes (Attributes)
--------------------------------        ----        ----        ------- ----- ------------
SSEG                                0000002B    000000D5 =         213. bytes (REL,OVR)

      Value  Global                              Global Defined In Module
      -----  --------------------------------   ------------------------
     0000002B  __start__stack                     main

ASxxxx Linker V03.00 + NoICE + sdld,  page 10.
Hexadecimal  [32-Bits]

Area                                    Addr        Size        Decimal Bytes (Attributes)
--------------------------------        ----        ----        ------- ----- ------------
HOME                                00000000    00000006 =           6. bytes (REL,CON,CODE)

      Value  Global                              Global Defined In Module
      -----  --------------------------------   ------------------------
C:   00000003  __sdcc_program_startup             main

ASxxxx Linker V03.00 + NoICE + sdld,  page 11.
Hexadecimal  [32-Bits]

Area                                    Addr        Size        Decimal Bytes (Attributes)
--------------------------------        ----        ----        ------- ----- ------------
GSINIT0                             00000006    00000003 =           3. bytes (REL,CON,CODE)

      Value  Global                              Global Defined In Module
      -----  --------------------------------   ------------------------
C:   00000006  __sdcc_gsinit_startup              

ASxxxx Linker V03.00 + NoICE + sdld,  page 12.
Hexadecimal  [32-Bits]

Area                                    Addr        Size        Decimal Bytes (Attributes)
--------------------------------        ----        ----        ------- ----- ------------
GSINIT2                             00000009    0000000A =          10. bytes (REL,CON,CODE)

      Value  Global                              Global Defined In Module
      -----  --------------------------------   ------------------------
ASxxxx Linker V03.00 + NoICE + sdld,  page 13.
Hexadecimal  [32-Bits]

Area                                    Addr        Size        Decimal Bytes (Attributes)
--------------------------------        ----        ----        ------- ----- ------------
GSINIT3                             00000013    00000022 =          34. bytes (REL,CON,CODE)

      Value  Global                              Global Defined In Module
      -----  --------------------------------   ------------------------
C:   00000013  __mcs51_genXINIT                   

ASxxxx Linker V03.00 + NoICE + sdld,  page 14.
Hexadecimal  [32-Bits]

Area                                    Addr        Size        Decimal Bytes (Attributes)
--------------------------------        ----        ----        ------- ----- ------------
GSINIT4                             00000035    0000002A =          42. bytes (REL,CON,CODE)

      Value  Global                              Global Defined In Module
      -----  --------------------------------   ------------------------
C:   00000035  __mcs51_genRAMCLEAR                
C:   0000003B  __mcs51_genXRAMCLEAR               

ASxxxx Linker V03.00 + NoICE + sdld,  page 15.
Hexadecimal  [32-Bits]

Area                                    Addr        Size        Decimal Bytes (Attributes)
--------------------------------        ----        ----        ------- ----- ------------
GSINIT                              0000005F    00000005 =           5. bytes (REL,CON,CODE)

      Value  Global                              Global Defined In Module
      -----  --------------------------------   ------------------------
ASxxxx Linker V03.00 + NoICE + sdld,  page 16.
Hexadecimal  [32-Bits]

Area                                    Addr        Size        Decimal Bytes (Attributes)
--------------------------------        ----        ----        ------- ----- ------------
GSFINAL                             00000064    00000003 =           3. bytes (REL,CON,CODE)

      Value  Global                              Global Defined In Module
      -----  --------------------------------   ------------------------
ASxxxx Linker V03.00 + NoICE + sdld,  page 17.
Hexadecimal  [32-Bits]

Area                                    Addr        Size        Decimal Bytes (Attributes)
--------------------------------        ----        ----        ------- ----- ------------
CSEG                                00000067    000007AF =        1967. bytes (REL,CON,CODE)

      Value  Global                              Global Defined In Module
      -----  --------------------------------   ------------------------
C:   00000067  __delay_ms                         main
C:   0000008D  __delay_us                         main
C:   000000B3  _main                              main
C:   000001CF  _lcd_begin                         IHM_lcd595
C:   00000223  _lcd_clear                         IHM_lcd595
C:   0000022F  _lcd_home                          IHM_lcd595
C:   0000023B  _lcd_cursor                        IHM_lcd595
C:   00000241  _lcd_display                       IHM_lcd595
C:   00000258  _lcd_set                           IHM_lcd595
C:   00000287  _lcd_backlight                     IHM_lcd595
C:   00000293  _lcd_printC                        IHM_lcd595
C:   00000299  _lcd_printS                        IHM_lcd595
C:   000002C7  _lcd_printN                        IHM_lcd595
C:   00000430  __modulong                         _modulong
C:   000004B3  ___fsmul                           _fsmul
C:   00000556  __divulong                         _divulong
C:   000005BB  fsgetargs                          _fsget2args
C:   000005E9  fs_normalize_a                     _fsnormalize
C:   0000061C  ___fs2slong                        _fs2slong
C:   00000677  fsgetarg                           _fsget1arg
C:   00000689  __modslong                         _modslong
C:   000006D8  __divslong                         _divslong
C:   0000072A  ___sint2fs                         _sint2fs
C:   00000737  fs_round_and_return                _fsreturnval
C:   0000074F  fs_zerocheck_return                _fsreturnval
C:   00000758  fs_return_zero                     _fsreturnval
C:   00000760  fs_direct_return                   _fsreturnval
C:   0000076E  fs_return_inf                      _fsreturnval
C:   0000077B  fs_return_nan                      _fsreturnval
C:   00000786  __gptrget                          _gptrget
C:   000007A2  ___slong2fs                        _slong2fs
C:   000007AB  slong2fs_doit                      _slong2fs
C:   000007CF  fs_rshift_a                        _fsrshift
C:   00000812  __sdcc_external_startup            _startup

ASxxxx Linker V03.00 + NoICE + sdld,  page 18.
Hexadecimal  [32-Bits]

Area                                    Addr        Size        Decimal Bytes (Attributes)
--------------------------------        ----        ----        ------- ----- ------------
CONST                               00000816    00000013 =          19. bytes (REL,CON,CODE)

      Value  Global                              Global Defined In Module
      -----  --------------------------------   ------------------------
ASxxxx Linker V03.00 + NoICE + sdld,  page 19.

Files Linked                              [ module(s) ]

main.rel                                  [  ]
IHM_lcd595.rel                            [  ]


Libraries Linked                          [ object file ]

C:\Program Files\SDCC\bin\..\lib\small/liblong.lib
                                          [ _modulong.rel ]
C:\Program Files\SDCC\bin\..\lib\small/libfloat.lib
                                          [ _fsmul.rel ]
C:\Program Files\SDCC\bin\..\lib\small/liblong.lib
                                          [ _divulong.rel ]
C:\Program Files\SDCC\bin\..\lib\small/libfloat.lib
                                          [ _fsget2args.rel ]
C:\Program Files\SDCC\bin\..\lib\small/mcs51.lib
                                          [ crtclear.rel ]
C:\Program Files\SDCC\bin\..\lib\small/libfloat.lib
                                          [ _fsnormalize.rel ]
C:\Program Files\SDCC\bin\..\lib\small/libfloat.lib
                                          [ _fs2slong.rel ]
C:\Program Files\SDCC\bin\..\lib\small/mcs51.lib
                                          [ crtxinit.rel ]
C:\Program Files\SDCC\bin\..\lib\small/libfloat.lib
                                          [ _fsget1arg.rel ]
C:\Program Files\SDCC\bin\..\lib\small/mcs51.lib
                                          [ crtxclear.rel ]
C:\Program Files\SDCC\bin\..\lib\small/liblong.lib
                                          [ _modslong.rel ]
C:\Program Files\SDCC\bin\..\lib\small/liblong.lib
                                          [ _divslong.rel ]
C:\Program Files\SDCC\bin\..\lib\small/libfloat.lib
                                          [ _sint2fs.rel ]
C:\Program Files\SDCC\bin\..\lib\small/libfloat.lib
                                          [ _fsreturnval.rel ]
C:\Program Files\SDCC\bin\..\lib\small/mcs51.lib
                                          [ crtpagesfr.rel ]
C:\Program Files\SDCC\bin\..\lib\small/mcs51.lib
                                          [ crtstart.rel ]
C:\Program Files\SDCC\bin\..\lib\small/libsdcc.lib
                                          [ _gptrget.rel ]
C:\Program Files\SDCC\bin\..\lib\small/libfloat.lib
                                          [ _slong2fs.rel ]
C:\Program Files\SDCC\bin\..\lib\small/libfloat.lib
                                          [ _fsrshift.rel ]
C:\Program Files\SDCC\bin\..\lib\small/libsdcc.lib
                                          [ _startup.rel ]

ASxxxx Linker V03.00 + NoICE + sdld,  page 20.

User Base Address Definitions

HOME = 0x0000
XSEG = 0x0001
PSEG = 0x0001
ISEG = 0x0000
BSEG = 0x0000

